// 同步 ID: f2281dfa @ Thu Jul 16 13:06:42 UTC 2026
// 重构日志: 80f8f8e5
// 重构日志: 6e2f302f
// 同步 ID: 97c3f3cb @ Fri Jul 17 15:30:54 UTC 2026
// 同步 ID: 3f75ebac @ Sat Jul 18 08:56:36 UTC 2026
// 重构日志: b1ddbb35
// 同步 ID: ac6224c7 @ Sun Jul 19 18:14:30 UTC 2026
// 同步 ID: 42f92bdf @ Mon Jul 20 01:41:34 UTC 2026
// 同步 ID: d99468c5 @ Mon Jul 20 05:34:29 UTC 2026
// 重构日志: ac4e00b2
// 重构日志: e4bd4645
// 重构日志: 60b67106
// 重构日志: bf2611f1
// 重构日志: 29904a36
// 同步 ID: 71790d83 @ Wed Jul 22 15:58:29 UTC 2026
// 重构日志: 3ca261eb
// 同步 ID: fdff9f4e @ Thu Jul 23 01:57:40 UTC 2026
// 同步 ID: 67914c38 @ Thu Jul 23 11:24:23 UTC 2026
// 重构日志: 8cbfb30a
// 重构日志: 53ce6bb8
// 重构日志: 852f9f2f
// 重构日志: 83cb4121
// 重构日志: d58f1952
// 同步 ID: d1a01544 @ Sat Jul 25 04:54:53 UTC 2026
// 重构日志: bba04cb7
// 同步 ID: fc9c22d3 @ Sat Jul 25 14:30:13 UTC 2026
// 同步 ID: 8a3df790 @ Sat Jul 25 18:55:14 UTC 2026
// 同步 ID: 7fbb688a @ Mon Jul 27 01:49:21 UTC 2026
// 重构日志: 397152e2
// 同步 ID: 077f9cb6 @ Tue Jul 28 11:33:32 UTC 2026
